******************************************************************************
                  TI ARM Linker Unix v18.1.4                   
******************************************************************************
>> Linked Sun Oct 13 11:37:28 2019

OUTPUT FILE NAME:   <EGR 226 Lab 7.out>
ENTRY POINT SYMBOL: "_c_int00_noargs"  address: 0000086d


MEMORY CONFIGURATION

         name            origin    length      used     unused   attr    fill
----------------------  --------  ---------  --------  --------  ----  --------
  MAIN                  00000000   00040000  000008ef  0003f711  R  X
  INFO                  00200000   00004000  00000000  00004000  R  X
  SRAM_CODE             01000000   00010000  00000204  0000fdfc  RW X
  SRAM_DATA             20000000   00010000  00000204  0000fdfc  RW  


SEGMENT ALLOCATION MAP

run origin  load origin   length   init length attrs members
----------  ----------- ---------- ----------- ----- -------
00000000    00000000    000008f0   000008f0    r-x
  00000000    00000000    000000e4   000000e4    r-- .intvecs
  000000e4    000000e4    000007e4   000007e4    r-x .text
  000008c8    000008c8    0000000f   0000000f    r-- .const
  000008d8    000008d8    00000018   00000018    r-- .cinit
20000000    20000000    00000004   00000000    rw-
  20000000    20000000    00000004   00000000    rw- .data
2000fe00    2000fe00    00000200   00000000    rw-
  2000fe00    2000fe00    00000200   00000000    rw- .stack


SECTION ALLOCATION MAP

 output                                  attributes/
section   page    origin      length       input sections
--------  ----  ----------  ----------   ----------------
.intvecs   0    00000000    000000e4     
                  00000000    000000e4     startup_msp432p401r_ccs.obj (.intvecs:retain)

.text      0    000000e4    000007e4     
                  000000e4    00000334     system_msp432p401r.obj (.text)
                  00000418    000001f8     LCD.obj (.text)
                  00000610    00000114     main.obj (.text)
                  00000724    0000009c     rtsv7M4_T_le_v4SPD16_eabi.lib : memcpy_t2.asm.obj (.text)
                  000007c0    00000068                                   : copy_decompress_lzss.c.obj (.text:decompress:lzss:__TI_decompress_lzss)
                  00000828    00000044                                   : autoinit.c.obj (.text:__TI_auto_init_nobinit_nopinit:__TI_auto_init_nobinit_nopinit)
                  0000086c    00000038                                   : boot_cortex_m.c.obj (.text:_c_int00_noargs:_c_int00_noargs)
                  000008a4    0000000e                                   : copy_decompress_none.c.obj (.text:decompress:none:__TI_decompress_none)
                  000008b2    0000000e     startup_msp432p401r_ccs.obj (.text)
                  000008c0    00000004     rtsv7M4_T_le_v4SPD16_eabi.lib : pre_init.c.obj (.text:_system_pre_init)
                  000008c4    00000004                                   : exit.c.obj (.text:abort:abort)

.const     0    000008c8    0000000f     
                  000008c8    00000005     main.obj (.const:.string:$P$T1$2)
                  000008cd    00000004     main.obj (.const:.string:$P$T0$1)
                  000008d1    00000003     main.obj (.const:.string:$P$T2$3)
                  000008d4    00000003     main.obj (.const:.string:$P$T3$4)

.cinit     0    000008d8    00000018     
                  000008d8    00000008     (.cinit..data.load) [load image, compression = lzss]
                  000008e0    00000008     (__TI_handler_table)
                  000008e8    00000008     (__TI_cinit_table)

.init_array 
*          0    00000000    00000000     UNINITIALIZED

.binit     0    00000000    00000000     

.data      0    20000000    00000004     UNINITIALIZED
                  20000000    00000004     system_msp432p401r.obj (.data)

.stack     0    2000fe00    00000200     UNINITIALIZED
                  2000fe00    00000004     rtsv7M4_T_le_v4SPD16_eabi.lib : boot_cortex_m.c.obj (.stack)
                  2000fe04    000001fc     --HOLE--

MODULE SUMMARY

       Module                        code   ro data   rw data
       ------                        ----   -------   -------
    ./
       system_msp432p401r.obj        820    0         8      
       LCD.obj                       504    0         0      
       main.obj                      276    15        0      
       startup_msp432p401r_ccs.obj   14     228       0      
    +--+-----------------------------+------+---------+---------+
       Total:                        1614   243       8      
                                                             
    /Applications/ti/ccsv8/tools/compiler/ti-cgt-arm_18.1.4.LTS/lib/rtsv7M4_T_le_v4SPD16_eabi.lib
       memcpy_t2.asm.obj             156    0         0      
       copy_decompress_lzss.c.obj    104    0         0      
       autoinit.c.obj                68     0         0      
       boot_cortex_m.c.obj           56     0         0      
       copy_decompress_none.c.obj    14     0         0      
       exit.c.obj                    4      0         0      
       pre_init.c.obj                4      0         0      
    +--+-----------------------------+------+---------+---------+
       Total:                        406    0         0      
                                                             
       Stack:                        0      0         1024   
       Linker Generated:             0      24        0      
    +--+-----------------------------+------+---------+---------+
       Grand Total:                  2020   267       1032   


LINKER GENERATED COPY TABLES

__TI_cinit_table @ 000008e8 records: 1, size/record: 8, table size: 8
	.data: load addr=000008d8, load size=00000008 bytes, run addr=20000000, run size=00000004 bytes, compression=lzss


LINKER GENERATED HANDLER TABLE

__TI_handler_table @ 000008e0 records: 2, size/record: 4, table size: 8
	index: 0, handler: __TI_decompress_lzss
	index: 1, handler: __TI_decompress_none


GLOBAL SYMBOLS: SORTED ALPHABETICALLY BY Name 

address   name                          
-------   ----                          
000008bf  ADC14_IRQHandler              
000008bf  AES256_IRQHandler             
000008bf  BusFault_Handler              
000008c5  C$$EXIT                       
000008bf  COMP_E0_IRQHandler            
000008bf  COMP_E1_IRQHandler            
000008bf  CS_IRQHandler                 
000008bf  DMA_ERR_IRQHandler            
000008bf  DMA_INT0_IRQHandler           
000008bf  DMA_INT1_IRQHandler           
000008bf  DMA_INT2_IRQHandler           
000008bf  DMA_INT3_IRQHandler           
000008bf  DebugMon_Handler              
000008bf  Default_Handler               
000008bf  EUSCIA0_IRQHandler            
000008bf  EUSCIA1_IRQHandler            
000008bf  EUSCIA2_IRQHandler            
000008bf  EUSCIA3_IRQHandler            
000008bf  EUSCIB0_IRQHandler            
000008bf  EUSCIB1_IRQHandler            
000008bf  EUSCIB2_IRQHandler            
000008bf  EUSCIB3_IRQHandler            
000008bf  FLCTL_IRQHandler              
000008bf  FPU_IRQHandler                
000008bf  HardFault_Handler             
0000047f  LCD_init                      
00000419  LCDpin_init                   
000008bf  MemManage_Handler             
000008bf  NMI_Handler                   
000008bf  PCM_IRQHandler                
000008bf  PORT1_IRQHandler              
000008bf  PORT2_IRQHandler              
000008bf  PORT3_IRQHandler              
000008bf  PORT4_IRQHandler              
000008bf  PORT5_IRQHandler              
000008bf  PORT6_IRQHandler              
000008bf  PSS_IRQHandler                
000008bf  PendSV_Handler                
000008bf  RTC_C_IRQHandler              
000008b3  Reset_Handler                 
000008bf  SVC_Handler                   
000008bf  SysTick_Handler               
20000000  SystemCoreClock               
000000e5  SystemCoreClockUpdate         
0000035d  SystemInit                    
000008bf  T32_INT1_IRQHandler           
000008bf  T32_INT2_IRQHandler           
000008bf  T32_INTC_IRQHandler           
000008bf  TA0_0_IRQHandler              
000008bf  TA0_N_IRQHandler              
000008bf  TA1_0_IRQHandler              
000008bf  TA1_N_IRQHandler              
000008bf  TA2_0_IRQHandler              
000008bf  TA2_N_IRQHandler              
000008bf  TA3_0_IRQHandler              
000008bf  TA3_N_IRQHandler              
000008bf  UsageFault_Handler            
4000480c  WDTCTL_SYM                    
000008bf  WDT_A_IRQHandler              
20010000  __STACK_END                   
00000200  __STACK_SIZE                  
000008e8  __TI_CINIT_Base               
000008f0  __TI_CINIT_Limit              
000008e0  __TI_Handler_Table_Base       
000008e8  __TI_Handler_Table_Limit      
00000829  __TI_auto_init_nobinit_nopinit
000007c1  __TI_decompress_lzss          
000008a5  __TI_decompress_none          
ffffffff  __TI_pprof_out_hndl           
ffffffff  __TI_prof_data_size           
ffffffff  __TI_prof_data_start          
00000000  __TI_static_base__            
00000725  __aeabi_memcpy                
00000725  __aeabi_memcpy4               
00000725  __aeabi_memcpy8               
ffffffff  __binit__                     
ffffffff  __c_args__                    
UNDEFED   __mpu_init                    
2000fe00  __stack                       
0000086d  _c_int00_noargs               
UNDEFED   _system_post_cinit            
000008c1  _system_pre_init              
000008c5  abort                         
ffffffff  binit                         
00000533  commandWrite                  
0000054d  dataWrite                     
000005b3  delay_micro                   
00000585  delay_ms                      
00000000  interruptVectors              
00000611  main                          
00000725  memcpy                        
00000567  pulseEnablePin                
0000050f  pushByte                      
000004e9  pushNibble                    


GLOBAL SYMBOLS: SORTED BY Symbol Address 

address   name                          
-------   ----                          
00000000  __TI_static_base__            
00000000  interruptVectors              
000000e5  SystemCoreClockUpdate         
00000200  __STACK_SIZE                  
0000035d  SystemInit                    
00000419  LCDpin_init                   
0000047f  LCD_init                      
000004e9  pushNibble                    
0000050f  pushByte                      
00000533  commandWrite                  
0000054d  dataWrite                     
00000567  pulseEnablePin                
00000585  delay_ms                      
000005b3  delay_micro                   
00000611  main                          
00000725  __aeabi_memcpy                
00000725  __aeabi_memcpy4               
00000725  __aeabi_memcpy8               
00000725  memcpy                        
000007c1  __TI_decompress_lzss          
00000829  __TI_auto_init_nobinit_nopinit
0000086d  _c_int00_noargs               
000008a5  __TI_decompress_none          
000008b3  Reset_Handler                 
000008bf  ADC14_IRQHandler              
000008bf  AES256_IRQHandler             
000008bf  BusFault_Handler              
000008bf  COMP_E0_IRQHandler            
000008bf  COMP_E1_IRQHandler            
000008bf  CS_IRQHandler                 
000008bf  DMA_ERR_IRQHandler            
000008bf  DMA_INT0_IRQHandler           
000008bf  DMA_INT1_IRQHandler           
000008bf  DMA_INT2_IRQHandler           
000008bf  DMA_INT3_IRQHandler           
000008bf  DebugMon_Handler              
000008bf  Default_Handler               
000008bf  EUSCIA0_IRQHandler            
000008bf  EUSCIA1_IRQHandler            
000008bf  EUSCIA2_IRQHandler            
000008bf  EUSCIA3_IRQHandler            
000008bf  EUSCIB0_IRQHandler            
000008bf  EUSCIB1_IRQHandler            
000008bf  EUSCIB2_IRQHandler            
000008bf  EUSCIB3_IRQHandler            
000008bf  FLCTL_IRQHandler              
000008bf  FPU_IRQHandler                
000008bf  HardFault_Handler             
000008bf  MemManage_Handler             
000008bf  NMI_Handler                   
000008bf  PCM_IRQHandler                
000008bf  PORT1_IRQHandler              
000008bf  PORT2_IRQHandler              
000008bf  PORT3_IRQHandler              
000008bf  PORT4_IRQHandler              
000008bf  PORT5_IRQHandler              
000008bf  PORT6_IRQHandler              
000008bf  PSS_IRQHandler                
000008bf  PendSV_Handler                
000008bf  RTC_C_IRQHandler              
000008bf  SVC_Handler                   
000008bf  SysTick_Handler               
000008bf  T32_INT1_IRQHandler           
000008bf  T32_INT2_IRQHandler           
000008bf  T32_INTC_IRQHandler           
000008bf  TA0_0_IRQHandler              
000008bf  TA0_N_IRQHandler              
000008bf  TA1_0_IRQHandler              
000008bf  TA1_N_IRQHandler              
000008bf  TA2_0_IRQHandler              
000008bf  TA2_N_IRQHandler              
000008bf  TA3_0_IRQHandler              
000008bf  TA3_N_IRQHandler              
000008bf  UsageFault_Handler            
000008bf  WDT_A_IRQHandler              
000008c1  _system_pre_init              
000008c5  C$$EXIT                       
000008c5  abort                         
000008e0  __TI_Handler_Table_Base       
000008e8  __TI_CINIT_Base               
000008e8  __TI_Handler_Table_Limit      
000008f0  __TI_CINIT_Limit              
20000000  SystemCoreClock               
2000fe00  __stack                       
20010000  __STACK_END                   
4000480c  WDTCTL_SYM                    
ffffffff  __TI_pprof_out_hndl           
ffffffff  __TI_prof_data_size           
ffffffff  __TI_prof_data_start          
ffffffff  __binit__                     
ffffffff  __c_args__                    
ffffffff  binit                         
UNDEFED   __mpu_init                    
UNDEFED   _system_post_cinit            

[94 symbols]
